# serializer version: 1
# name: test_gfx950_dtl_golden
  list([
    dict({
      'basename': 'Cijk_Alik_Bljk_S_B_UserArgs_MT16x16x32_MI16x16x12aaspCW6fuHcwTOa5o9DC3JmsfF1iFgEj8M--FjGPUU=',
      'err': 0,
    }),
    dict({
      'basename': 'Cijk_Alik_Bljk_S_B_UserArgs_MT16x16x32_MI16x16x1YJPyZcaC_6NRe2LARVh6ipzIvINKzQr88tmupujdNZY=',
      'err': 0,
    }),
    dict({
      'basename': 'Cijk_Alik_Bljk_S_B_UserArgs_MT16x16x32_MI16x16x1oSXaSyNYPyh4rcPwvSpKKSBSOXdkNpLGfAQpJyMl9Sc=',
      'err': 0,
    }),
    dict({
      'basename': 'Cijk_Alik_Bljk_S_B_UserArgs_MT16x16x32_MI16x16x1v8b7sx0R_4VBt3Vm_uMNFBXSy9KPSEVhSgT5bjG06wo=',
      'err': 0,
    }),
  ])
# ---
