# serializer version: 1
# name: test_gfx942_dominant_golden
  list([
    dict({
      'basename': 'Cijk_Alik_Bljk_BBS_BH_Bias_A_S_UserArgs_MT128x32Q9U4vhCjJFL4--R0p_DMFOsSQril0qDNjfUOFrClrIU=',
      'err': 0,
    }),
    dict({
      'basename': 'Cijk_Alik_Bljk_BBS_BH_Bias_A_S_UserArgs_MT128x32br-MabyOmdmIn3WGDOgjhGfb_553HcIUKNmyK7REh34=',
      'err': 0,
    }),
    dict({
      'basename': 'Cijk_Alik_Bljk_BBS_BH_Bias_A_S_UserArgs_MT64x16x6QkYju6X_Z-9Ry7eg_2_cOfBUUTWX8TQHlR5v74XlpM=',
      'err': 0,
    }),
    dict({
      'basename': 'Cijk_Alik_Bljk_BBS_BH_Bias_A_S_UserArgs_MT64x16xpaIaCnRgst3voTaDinye7PrMdei1jL4yce2NykylnIQ=',
      'err': 0,
    }),
  ])
# ---
