# serializer version: 1
# name: test_gfx908_emit_digests
  list([
    dict({
      'file': 'BBS.yaml',
      'kernels': list([
        dict({
          'basename': 'Cijk_Ailk_Bljk_BBS_BH_Bias_HA_S_SAV_MT64x16x32_M_ZCt9ejVV5_AkXC3kirUTsHlm13LEteP8atj2eszqMg=',
          'err': 0,
        }),
      ]),
    }),
    dict({
      'file': 'HHS.yaml',
      'kernels': list([
        dict({
          'basename': 'Cijk_Ailk_Bljk_HHS_BH_Bias_HA_S_SAV_UserArgs_MT6VwQhJuf57HGojUaH8eJuGK63sg6bDyGbr9QJ562-7jU=',
          'err': 0,
        }),
      ]),
    }),
    dict({
      'file': 'HSS.yaml',
      'kernels': list([
        dict({
          'basename': 'Cijk_Ailk_Bjlk_HSS_BH_Bias_GG_HA_S_SAV_UserArgs_R5me0_C8nSokenYoT56za_hh6VeSE7bMhh3VVyQ3qNs=',
          'err': 0,
        }),
      ]),
    }),
    dict({
      'file': 'SB.yaml',
      'kernels': list([
        dict({
          'basename': 'Cijk_Alik_Bjlk_S_B_Bias_HA_S_SAV_UserArgs_MT32x3h3qEnxANzoEkf5Q-dB8BzB2RX9QCftSgG2_rHz8Ij3o=',
          'err': 0,
        }),
      ]),
    }),
  ])
# ---
