# serializer version: 1
# name: test_gfx1201_emit_digests
  list([
    dict({
      'file': 'B8B8S.yaml',
      'kernels': list([
        dict({
          'basename': 'Cijk_Alik_Bljk_B8B8S_BH_Bias_HA_S_SAV_UserArgs_MdwAHb-6o7KG7vCi4FvNOsTlBvIg4H8C2jNWiKI8v1DA=',
          'err': 0,
        }),
      ]),
    }),
    dict({
      'file': 'BBS.yaml',
      'kernels': list([
        dict({
          'basename': 'Cijk_Alik_Bljk_BBS_BH_Bias_SH_HA_S_SAV_UserArgs_Ze3-cC1lxW6HjhH5E4swaox-jIFDKQkCEX0cHe5uhps=',
          'err': 0,
        }),
      ]),
    }),
    dict({
      'file': 'HHS.yaml',
      'kernels': list([
        dict({
          'basename': 'Cijk_Alik_Bljk_HHS_BH_Bias_HA_S_SAV_UserArgs_MT1Nb3bsfahXlO9ZLAhKrvtPG6ltiMqdz7wD1lcCezi_Qs=',
          'err': 0,
        }),
      ]),
    }),
    dict({
      'file': 'HSS.yaml',
      'kernels': list([
        dict({
          'basename': 'Cijk_Alik_Bljk_HSS_BH_Bias_HA_S_SAV_UserArgs_MT1Nb3bsfahXlO9ZLAhKrvtPG6ltiMqdz7wD1lcCezi_Qs=',
          'err': 0,
        }),
      ]),
    }),
  ])
# ---
