# serializer version: 1
# name: test_r2_streamk_gfx942_golden
  list([
    dict({
      'basename': 'Cijk_Ailk_Bjlk_S_B_UserArgs_MT128x128x16_MI16x1667KkKw6dE7OH9DUSZzrvPO2THaV_S7RKaqgbTfRr_kI=',
      'err': 0,
    }),
    dict({
      'basename': 'Cijk_Ailk_Bjlk_S_B_UserArgs_MT128x128x16_MI16x16mqlCGQOK6jinD-FtXwhyC2GiYOLZD2gtZuWOxxUHYpU=',
      'err': 0,
    }),
    dict({
      'basename': 'Cijk_Ailk_Bjlk_S_B_UserArgs_MT128x128x16_MI16x16ySj9fc2DvKnJkW0UXkJMg4H46PlDOqeaADAAHVv7xQE=',
      'err': 0,
    }),
    dict({
      'basename': 'Cijk_Ailk_Bjlk_S_B_UserArgs_MT128x128x16_MI16x16ySj9fc2DvKnJkW0UXkJMg4H46PlDOqeaADAAHVv7xQE=',
      'err': 0,
    }),
  ])
# ---
