# serializer version: 1
# name: test_gfx1100_emit_digests
  list([
    dict({
      'file': 'DB.yaml',
      'kernels': list([
        dict({
          'basename': 'Cijk_Ailk_Bjlk_D_B_UserArgs_MT16x16x16_SN_LDSB0_-PS3FpPC4A6vNgAt51q-T7w-TQkms6s8hLZgKgqETS0=',
          'err': 0,
        }),
        dict({
          'basename': 'Cijk_Ailk_Bjlk_D_B_UserArgs_MT16x16x8_SN_LDSB0_AlfCMW8uhCmZiyCeveh9uypwHdHIhL5azzc_QPF91W9U=',
          'err': 0,
        }),
        dict({
          'basename': 'Cijk_Ailk_Bjlk_D_B_UserArgs_MT8x8x16_SN_LDSB0_AFWyA589_RFvykDTUoufF_PizDL_Z7zQseYfBikS0xIfc=',
          'err': 0,
        }),
        dict({
          'basename': 'Cijk_Ailk_Bjlk_D_B_UserArgs_MT8x8x8_SN_LDSB0_AFC2tWK9cSOR54L3o2VgPGtg7FP8MHTBgojQmllD4xcLeY=',
          'err': 0,
        }),
      ]),
    }),
    dict({
      'file': 'HSS.yaml',
      'kernels': list([
        dict({
          'basename': 'Cijk_Alik_Bljk_HSS_BH_Bias_HA_S_SAV_UserArgs_MT3P4pTfr1E-U59YFtL6bkqfWdADQwmYLLnrVZ8CdzLPts=',
          'err': 0,
        }),
        dict({
          'basename': 'Cijk_Alik_Bljk_HSS_BH_Bias_HA_S_SAV_UserArgs_MT9FUldedG5HaiKolyRR3_sqatjGaNm4xPgfuLuTATbdJc=',
          'err': 0,
        }),
        dict({
          'basename': 'Cijk_Alik_Bljk_HSS_BH_Bias_HA_S_SAV_UserArgs_MT9JQQWDdn1alnIAs3BBGIUUoWZiEMgSYg6w-Nkf40aJq0=',
          'err': 0,
        }),
      ]),
    }),
    dict({
      'file': 'SB.yaml',
      'kernels': list([
        dict({
          'basename': 'Cijk_Ailk_Bjlk_S_B_Bias_HA_S_SAV_UserArgs_MT16x1SyzgDYIwi6uRhPyH6CWfy2PlWUQ3D8CQe1CGnX9K8Bs=',
          'err': 0,
        }),
        dict({
          'basename': 'Cijk_Ailk_Bjlk_S_B_Bias_HA_S_SAV_UserArgs_MT16x1nQ0a_O4Ta5nfflfE2q3GDnnxaEbfQsA7zOlsgr7woo8=',
          'err': 0,
        }),
        dict({
          'basename': 'Cijk_Ailk_Bjlk_S_B_Bias_HA_S_SAV_UserArgs_MT8x8xGWdYEXW5NjN2O7W1uOhzNR4VTwSWtFsO91HVjtwMX-U=',
          'err': 0,
        }),
        dict({
          'basename': 'Cijk_Ailk_Bjlk_S_B_Bias_HA_S_SAV_UserArgs_MT8x8xX30MG0IxDi_t3Xwu4PsEkmnN_kIojHywNXCkdSOJ0-A=',
          'err': 0,
        }),
      ]),
    }),
  ])
# ---
