# serializer version: 1
# name: test_gfx942_emit_digests
  list([
    dict({
      'file': 'BBS_BH_Bias_Act.yaml',
      'kernels': list([
        dict({
          'basename': 'Cijk_Ailk_Bljk_BBS_BH_Bias_HA_S_UserArgs_MT256x9jhFFRLhirbWvGhxbtG00msGpkmzLCpdSmdxZCtuXOi8=',
          'err': 0,
        }),
      ]),
    }),
    dict({
      'file': 'DB.yaml',
      'kernels': list([
        dict({
          'basename': 'Cijk_Ailk_Bljk_D_B_UserArgs_MT16x16x16_MI16x16x1M0UklKpN92ZQ_jtd3phUn5B-gSKtDULPh-WOZgZ9o7E=',
          'err': 0,
        }),
        dict({
          'basename': 'Cijk_Ailk_Bljk_D_B_UserArgs_MT16x16x8_MI16x16x1_WihdJenK0b-XlPGox1cIPzIn6zYxGGIdfJ8qvaCurv8=',
          'err': 0,
        }),
      ]),
    }),
    dict({
      'file': 'DTV.yaml',
      'kernels': list([
        dict({
          'basename': 'Cijk_Alik_Bljk_BBS_STA_BH_UserArgs_MT512x128x64_MwgcmPNIhiTTWQuT_8C2b2wCk6-XtWYEZ6NTUpvF3Yo=',
          'err': 0,
        }),
      ]),
    }),
    dict({
      'file': 'F8N_multi.yaml',
      'kernels': list([
        dict({
          'basename': 'Cijk_Alik_Bljk_F8NF8NS_BH_Bias_H_AuxH_AmaxD_HA_SANsuo_fA2DdE_gkhafgawVLHLutHRgEn4-O5N-VYAgo=',
          'err': 0,
        }),
        dict({
          'basename': 'Cijk_Alik_Bljk_F8NF8NS_BH_Bias_H_AuxH_AmaxD_HA_SNuN8G76dBGnHYNJbwK9e-DEZCqZF5dK7zO44deYk8fU=',
          'err': 0,
        }),
        dict({
          'basename': 'Cijk_Alik_Bljk_F8NF8NS_BH_Bias_H_AuxH_AmaxD_HA_SiEl-6l1mhMTmS5gPu8XQTisY8bFjdoRjxtYvBqTY8H8=',
          'err': 0,
        }),
        dict({
          'basename': 'Cijk_Alik_Bljk_F8NF8NS_BH_Bias_H_AuxH_AmaxD_HA_SxJwUJJnremBbBkwrzdDATkgUManQLBsToG7ZsOVS80M=',
          'err': 0,
        }),
      ]),
    }),
    dict({
      'file': 'GG.yaml',
      'kernels': list([
        dict({
          'basename': 'Cijk_Ailk_Bjlk_HSS_BH_Bias_GG_HA_S_SAV_UserArgs_-lj1brSdWWP7OJk96-YGYycFrdqy1Pe6D-cThkAS1yA=',
          'err': 0,
        }),
      ]),
    }),
    dict({
      'file': 'GSU.yaml',
      'kernels': list([
        dict({
          'basename': 'Cijk_Ailk_Bljk_D_B_UserArgs_MT16x16x16_MI16x16x1M0UklKpN92ZQ_jtd3phUn5B-gSKtDULPh-WOZgZ9o7E=',
          'err': 0,
        }),
        dict({
          'basename': 'Cijk_Ailk_Bljk_D_B_UserArgs_MT16x16x8_MI16x16x1_WihdJenK0b-XlPGox1cIPzIn6zYxGGIdfJ8qvaCurv8=',
          'err': 0,
        }),
      ]),
    }),
    dict({
      'file': 'Grad.yaml',
      'kernels': list([
        dict({
          'basename': 'Cijk_Ailk_Bjlk_S_B_Bias_D_GradS_HA_S_SAV_UserArguHpSpo5AfbXdMIVtWX86LEZposIugKqVa3i1g4MgfN8=',
          'err': 0,
        }),
      ]),
    }),
    dict({
      'file': 'HHS_BH_Bias_GG.yaml',
      'kernels': list([
        dict({
          'basename': 'Cijk_Ailk_Bjlk_HHS_BH_Bias_GG_HA_S_SAV_UserArgs_AEGZF6Kgm1ksjFhg9w0N5qv6FX5jv9iLaOCzbA6ztFc=',
          'err': 0,
        }),
      ]),
    }),
    dict({
      'file': 'HSS_BH_Bias.yaml',
      'kernels': list([
        dict({
          'basename': 'Cijk_Alik_Bjlk_HSS_BH_Bias_HA_S_SAV_UserArgs_MT3cQSbDinmUaUGZMOg4LApM_Q2ZwIWK8jVi_UmO_0R9IA=',
          'err': 0,
        }),
      ]),
    }),
    dict({
      'file': 'LSU_MX.yaml',
      'kernels': list([
        dict({
          'basename': 'Cijk_Alik_Bjlk_S_MX_B_Bias_HA_S_SAV_UserArgs_MT1HGsObee8N9bvc0Lw_W98ztzY43s58WDaD_fz69CXz78=',
          'err': 0,
        }),
        dict({
          'basename': 'Cijk_Alik_Bjlk_S_MX_B_Bias_HA_S_SAV_UserArgs_MT1KKrrOT4bOzAiUu985gmvrHAKff4SUsU9IqeGMhcffU4=',
          'err': 0,
        }),
      ]),
    }),
    dict({
      'file': 'MX.yaml',
      'kernels': list([
        dict({
          'basename': 'Cijk_Ailk_Bljk_S_MX_B_Bias_HA_S_SAV_UserArgs_MT3hYWNFc1sZ9aUZLQJIH7Zog2gcbxznz36d2lu14_GvPg=',
          'err': 0,
        }),
      ]),
    }),
    dict({
      'file': 'SB_Bias_Aux.yaml',
      'kernels': list([
        dict({
          'basename': 'Cijk_Ailk_Bjlk_S_B_Bias_AuxS_HA_S_SAV_UserArgs_MkJA0VgrbEIBQifh6FxnMn4ShYpiNWqqcivtsLdYVPVo=',
          'err': 0,
        }),
      ]),
    }),
  ])
# ---
