# serializer version: 1
# name: test_r2_store_gfx942_golden
  list([
    dict({
      'basename': 'Cijk_Alik_Bljk_BBS_BH_Bias_SAV_UserArgs_MT64x16x1MJm3qvTTCb7RlK0nehuPCKNWH5JFFrOmaYcfdAlneQ=',
      'err': 0,
    }),
    dict({
      'basename': 'Cijk_Alik_Bljk_BBS_BH_Bias_SAV_UserArgs_MT64x16xD8RNjUPCCQn_hRPM-HwgAeFP3RWCqF3IOnfDXVJ4tqk=',
      'err': 0,
    }),
    dict({
      'basename': 'Cijk_Alik_Bljk_BBS_BH_Bias_SAV_UserArgs_MT64x16xUG8p_a0qGFUgtEnlwSOm2NSLiLCSYomqOOw36WeM_rQ=',
      'err': 0,
    }),
    dict({
      'basename': 'Cijk_Alik_Bljk_BBS_BH_Bias_SAV_UserArgs_MT64x16x_2ABr7t8K9OaT5KmTYB6K4VuAjUI7fIsmaLzzsNnN4Q=',
      'err': 0,
    }),
  ])
# ---
