# serializer version: 1
# name: test_gfx950_hhs_golden
  list([
    dict({
      'basename': 'Cijk_Alik_Bljk_HHS_BH_Bias_A_S_UserArgs_MT64x16xW6mFQp-pjQK_Pms9sDXX1E5QeZgIJqZ7WhNcQn43yk0=',
      'err': 0,
    }),
    dict({
      'basename': 'Cijk_Alik_Bljk_HHS_BH_Bias_A_S_UserArgs_MT64x16xdyIizJqoujzOCKUpbYCisn5751YsiUEWoE32Hpsg7uw=',
      'err': 0,
    }),
  ])
# ---
