# serializer version: 1
# name: test_r3_kwafeat_gfx942_golden
  list([
    dict({
      'basename': 'Cijk_Ailk_Bjlk_S_B_UserArgs_MT128x128x16_MI16x16IaIm70zLsrwkoMri7WR-OXbWNPmW-fMEa1qd3bN06iM=',
      'err': 0,
    }),
    dict({
      'basename': 'Cijk_Ailk_Bjlk_S_B_UserArgs_MT128x128x16_MI16x16cePrPbPOeJDrRuTdkw3pdJzltlpDfcr5lpeGKBHdLz8=',
      'err': 0,
    }),
  ])
# ---
