# serializer version: 1
# name: test_gfx90a_dominant_golden
  list([
    dict({
      'basename': 'Cijk_Alik_Bljk_BBS_BH_Bias_HA_S_UserArgs_MT128x3qdxYfZqDkd87ErG5LEWpkgAILdN6cIaO1pd39vQiCO4=',
      'err': 0,
    }),
    dict({
      'basename': 'Cijk_Alik_Bljk_BBS_BH_Bias_HA_S_UserArgs_MT64x16bZPzGBnyd6pnLkeKZMg2wgLSFXCty2pQoxkjrGAzkD0=',
      'err': 0,
    }),
  ])
# ---
