# serializer version: 1
# name: test_streamk_cluster_multicast_gfx1250_golden[pgr1_cs2_ck2]
  list([
    dict({
      'basename': 'Cijk_Alik_Bljk_F8SS_MXAE8B32_MXBE8B32_BH_UserArgA5toK14tVfREqZ04SMNrxJrFQJupgtTSXhSWfDtmW38=',
      'err': 0,
    }),
    dict({
      'basename': 'Cijk_Alik_Bljk_F8SS_MXAE8B32_MXBE8B32_BH_UserArgBsI4b9IrYAnNzemUKLmSu3QiqmZ8c1Fuz5RjZ5Lu8yI=',
      'err': 0,
    }),
    dict({
      'basename': 'Cijk_Alik_Bljk_F8SS_MXAE8B32_MXBE8B32_BH_UserArgFxOF8BA9NkbA1ZKxvKh7Ij-JzxFOAJ9ut3g_lBio9Ao=',
      'err': 0,
    }),
    dict({
      'basename': 'Cijk_Alik_Bljk_F8SS_MXAE8B32_MXBE8B32_BH_UserArgLAnzoVIM5GFVH-DjFC6ICe-SvZTouAbKDo4YVoYwrVo=',
      'err': 0,
    }),
    dict({
      'basename': 'Cijk_Alik_Bljk_F8SS_MXAE8B32_MXBE8B32_BH_UserArgU6d_viUf98jWruvYOvMf5jL7SGS_3Sa21S7Iacv9AwY=',
      'err': 0,
    }),
    dict({
      'basename': 'Cijk_Alik_Bljk_F8SS_MXAE8B32_MXBE8B32_BH_UserArg_u1huf6NbV-VpCmYzIlBghmHcCmdzxD9zCpCQH3KM5I=',
      'err': 0,
    }),
    dict({
      'basename': 'Cijk_Alik_Bljk_F8SS_MXAE8B32_MXBE8B32_BH_UserArgsSabckGARZlNR-Jn4t3nv60FJ5gTLRqA_5eb59Zjv4g=',
      'err': 0,
    }),
    dict({
      'basename': 'Cijk_Alik_Bljk_F8SS_MXAE8B32_MXBE8B32_BH_UserArgwjiM329S5P7OHJbLZcuE6RlQyeiWcbgowpiVR-Ch0KM=',
      'err': 0,
    }),
  ])
# ---
# name: test_streamk_cluster_multicast_gfx1250_golden[pgr1_cs4_ck1]
  list([
    dict({
      'basename': 'Cijk_Alik_Bljk_F8SS_MXAE8B32_MXBE8B32_BH_UserArgJu-A4eYdGy7PpLfxBqRlUowEBe7xrmWD30-mVdm4SVc=',
      'err': 0,
    }),
    dict({
      'basename': 'Cijk_Alik_Bljk_F8SS_MXAE8B32_MXBE8B32_BH_UserArgK6ZS8ELNtI9qo5ElNFefYb2uAycjlJMDNhKtqMzHhMI=',
      'err': 0,
    }),
    dict({
      'basename': 'Cijk_Alik_Bljk_F8SS_MXAE8B32_MXBE8B32_BH_UserArgR8s5dmSBb4Hk2zYHw-59lNUMw3nDmu2OysebOS8dkPE=',
      'err': 0,
    }),
    dict({
      'basename': 'Cijk_Alik_Bljk_F8SS_MXAE8B32_MXBE8B32_BH_UserArgVD4PWskwM-A0hQq7ZB9Cn1UaqRUvAfoVydhBQmvblnM=',
      'err': 0,
    }),
    dict({
      'basename': 'Cijk_Alik_Bljk_F8SS_MXAE8B32_MXBE8B32_BH_UserArgd8fEYqfwP6PP6gZWGkrhyn7seDp8AEYvNuyWbPGYBTI=',
      'err': 0,
    }),
    dict({
      'basename': 'Cijk_Alik_Bljk_F8SS_MXAE8B32_MXBE8B32_BH_UserArgkrCBYDrwVE5aQeITqeJgvFPiNTV3nqDsxMCwUP7nWpY=',
      'err': 0,
    }),
    dict({
      'basename': 'Cijk_Alik_Bljk_F8SS_MXAE8B32_MXBE8B32_BH_UserArgpByYJShoE5UF8kAi4ZxqNOUL0-8HDb0lHNB4cSKwLFM=',
      'err': 0,
    }),
    dict({
      'basename': 'Cijk_Alik_Bljk_F8SS_MXAE8B32_MXBE8B32_BH_UserArgy-2gfD6aIhMuSugAsKnyL7PPfKuBGsI2t_rjraRzW6U=',
      'err': 0,
    }),
  ])
# ---
# name: test_streamk_cluster_multicast_gfx1250_golden[pgr2_cs2_ck2]
  list([
    dict({
      'basename': 'Cijk_Alik_Bljk_F8SS_MXAE8B32_MXBE8B32_BH_UserArg8C3LnbKnFVfGwscIFHNnAdNsJ88TfO4a9RZ5EahVghM=',
      'err': 0,
    }),
    dict({
      'basename': 'Cijk_Alik_Bljk_F8SS_MXAE8B32_MXBE8B32_BH_UserArgAp4obYF7onYvOBmvXhkYJh31DzHfix0woATSaTZHsQY=',
      'err': 0,
    }),
    dict({
      'basename': 'Cijk_Alik_Bljk_F8SS_MXAE8B32_MXBE8B32_BH_UserArgSlcJWGODsa16_bxMSvTGQJwUuOtI28uI6LmuCUD_tGs=',
      'err': 0,
    }),
    dict({
      'basename': 'Cijk_Alik_Bljk_F8SS_MXAE8B32_MXBE8B32_BH_UserArgemqk6Cx0eyXm_uMlTnKJTkfO3YMiRmhXc6oflDpnbI0=',
      'err': 0,
    }),
    dict({
      'basename': 'Cijk_Alik_Bljk_F8SS_MXAE8B32_MXBE8B32_BH_UserArggACCqwuTuL8KeH5QwZLamNeivGy_31m3-TTTfWnbl0o=',
      'err': 0,
    }),
    dict({
      'basename': 'Cijk_Alik_Bljk_F8SS_MXAE8B32_MXBE8B32_BH_UserArgoST-JR88lW-p1Q4vdPUBpKX8U8UPgDIq-wsJQOtSU_w=',
      'err': 0,
    }),
    dict({
      'basename': 'Cijk_Alik_Bljk_F8SS_MXAE8B32_MXBE8B32_BH_UserArgq2drrlrS4QjuTycmodPAzvbbjW4-yO7Or9DgJzGiEvY=',
      'err': 0,
    }),
    dict({
      'basename': 'Cijk_Alik_Bljk_F8SS_MXAE8B32_MXBE8B32_BH_UserArgxTUhOQqZrbyulzqfV0BVoXYxogQGVwmu1YNZq3C8v7o=',
      'err': 0,
    }),
  ])
# ---
# name: test_streamk_cluster_multicast_gfx1250_golden[pgr2_cs4_ck1]
  list([
    dict({
      'basename': 'Cijk_Alik_Bljk_F8SS_MXAE8B32_MXBE8B32_BH_UserArg7U0tWAy5bwsKoR6yQudOBdCmh1fMr_B9-I0b7pXXGH4=',
      'err': 0,
    }),
    dict({
      'basename': 'Cijk_Alik_Bljk_F8SS_MXAE8B32_MXBE8B32_BH_UserArgJerVM67t2a2vOyX74rIEgsm45I99AfuBVpL7gPjAX30=',
      'err': 0,
    }),
    dict({
      'basename': 'Cijk_Alik_Bljk_F8SS_MXAE8B32_MXBE8B32_BH_UserArgMq9m2Mk3eTmkzVz713FhOnlvA9WXaOW25-gOj3DTBKE=',
      'err': 0,
    }),
    dict({
      'basename': 'Cijk_Alik_Bljk_F8SS_MXAE8B32_MXBE8B32_BH_UserArgPRdA1ZC9OZC3JHRyeUBo4VGdvdbbW1x7ZP2cLtCKzhc=',
      'err': 0,
    }),
    dict({
      'basename': 'Cijk_Alik_Bljk_F8SS_MXAE8B32_MXBE8B32_BH_UserArgTr6QASAauEw0Jg--StKzi9Ml5S17RT8OZSZD1jZgFiM=',
      'err': 0,
    }),
    dict({
      'basename': 'Cijk_Alik_Bljk_F8SS_MXAE8B32_MXBE8B32_BH_UserArgc6K3v6z2XGdCNB4DefrXXldJBu5sN00OvZ4-bsgyTIw=',
      'err': 0,
    }),
    dict({
      'basename': 'Cijk_Alik_Bljk_F8SS_MXAE8B32_MXBE8B32_BH_UserArge9Vjr33hTa9BIqYEgiCPe01GjNQiiC98z8JlfTDha9o=',
      'err': 0,
    }),
    dict({
      'basename': 'Cijk_Alik_Bljk_F8SS_MXAE8B32_MXBE8B32_BH_UserArghyBjeMQ7E5ItMog1iNIPf904oH7T8ylHAQ1YF55siJc=',
      'err': 0,
    }),
  ])
# ---
