# serializer version: 1
# name: test_r2_solution_gfx942_golden
  list([
    dict({
      'basename': 'Cijk_Alik_Bljk_BBS_BH_Bias_A_S_UserArgs_MT64x16x47WuF_oT0CZej30K6oBwv0tHG1woVLKoK_jcjiypaQE=',
      'err': 0,
    }),
    dict({
      'basename': 'Cijk_Alik_Bljk_BBS_BH_Bias_A_S_UserArgs_MT64x16xNu01JC285fF6mLqMOm-CwkV95CXl7LtVUklqdPZcjjA=',
      'err': 0,
    }),
    dict({
      'basename': 'Cijk_Alik_Bljk_BBS_BH_Bias_A_S_UserArgs_MT64x16xo-BO2Y7ttg4c5Ffzb3cwzHbkRWIb3QrCwNMQm6S7tQ8=',
      'err': 0,
    }),
    dict({
      'basename': 'Cijk_Alik_Bljk_BBS_BH_Bias_A_S_UserArgs_MT64x16xpaIaCnRgst3voTaDinye7PrMdei1jL4yce2NykylnIQ=',
      'err': 0,
    }),
  ])
# ---
