# serializer version: 1
# name: test_gfx90a_hhs_golden
  list([
    dict({
      'basename': 'Cijk_Alik_Bljk_HHS_BH_Bias_A_S_UserArgs_MT64x16xKTgnyaZ0hGZp9sp51tikWoCunyELkF1FL6qTbcNNMgE=',
      'err': 0,
    }),
    dict({
      'basename': 'Cijk_Alik_Bljk_HHS_BH_Bias_A_S_UserArgs_MT64x16xTc58dneobZWMxQKgUtMaKtoIgbP8NZr5mO_35ivJCVI=',
      'err': 0,
    }),
  ])
# ---
