# serializer version: 1
# name: test_gfx950_emit_digests
  list([
    dict({
      'file': 'BBS.yaml',
      'kernels': list([
        dict({
          'basename': 'Cijk_Alik_Bjlk_BBS_BH_Bias_AuxB_HA_S_SAV_UserArgY7odV4Z9oywUCsaQtF0r_GQiNnpjHlMdg0GlQz84LTY=',
          'err': 0,
        }),
      ]),
    }),
    dict({
      'file': 'DTL.yaml',
      'kernels': list([
        dict({
          'basename': 'Custom_Cijk_Alik_Bljk_HHS_BH_MT256x256x64_MI16x16x1_UserArgs_shortname0_gfx950',
          'err': 0,
        }),
      ]),
    }),
    dict({
      'file': 'F8B8BS.yaml',
      'kernels': list([
        dict({
          'basename': 'Custom_Cijk_Alik_Bljk_F8B8BS_BH_SAB_NTD_UserArgs_shortname0_gfx950',
          'err': 0,
        }),
        dict({
          'basename': 'Custom_Cijk_Alik_Bljk_F8B8BS_BH_SAB_NTD_UserArgs_shortname1_gfx950',
          'err': 0,
        }),
        dict({
          'basename': 'Custom_Cijk_Alik_Bljk_F8B8BS_BH_SAB_UserArgs_shortname0_gfx950',
          'err': 0,
        }),
      ]),
    }),
    dict({
      'file': 'HHS.yaml',
      'kernels': list([
        dict({
          'basename': 'Cijk_Alik_Bljk_HHS_BH_Bias_GG_HA_S_SAV_UserArgs_YgL4-9GhLIFS8CxJArEDQOoI0HscSu2jivaO7kdkBTE=',
          'err': 0,
        }),
      ]),
    }),
    dict({
      'file': 'HSS.yaml',
      'kernels': list([
        dict({
          'basename': 'Cijk_Alik_Bjlk_HSS_BH_Bias_HA_S_SAV_UserArgs_MT37g7d0lhQv1_ZB1bx_-Jh3br7-5lXUhTiabekuv1nuG8=',
          'err': 0,
        }),
      ]),
    }),
    dict({
      'file': 'I8_GSU.yaml',
      'kernels': list([
        dict({
          'basename': 'Cijk_Ailk_Bjlk_I8I8S_BH_Bias_HA_S_SAV_UserArgs_MCY79nxEG0rkwHg7k6SWXjp1PVb06hqGje3P5HJBc1xg=',
          'err': 0,
        }),
      ]),
    }),
    dict({
      'file': 'MX.yaml',
      'kernels': list([
        dict({
          'basename': 'Cijk_Alik_Bjlk_S_MX_B_Bias_HA_S_SAV_UserArgs_MT46Rg4YBg5aRj-VPccq5TKkqx3Q7NqVRR2qOUnsS6p-t0=',
          'err': 0,
        }),
      ]),
    }),
    dict({
      'file': 'MX_StreamK.yaml',
      'kernels': list([
        dict({
          'basename': 'Cijk_Alik_Bjlk_S_MX_B_Bias_HA_S_SAV_UserArgs_MT46Rg4YBg5aRj-VPccq5TKkqx3Q7NqVRR2qOUnsS6p-t0=',
          'err': 0,
        }),
      ]),
    }),
    dict({
      'file': 'SB.yaml',
      'kernels': list([
        dict({
          'basename': 'Cijk_Ailk_Bjlk_S_B_Bias_AuxS_HA_S_SAV_UserArgs_MOycaIfWFZ4O6pl0ncATSUaUXNGsBLdZAG6YMMgfTgHg=',
          'err': 0,
        }),
      ]),
    }),
    dict({
      'file': 'StreamK_B8F8.yaml',
      'kernels': list([
        dict({
          'basename': 'Cijk_Alik_Bljk_B8F8_BH_Bias_HA_S_SAB_SAV_UserArg-EZzfVO1Qum4NoFpJA5enebnsnlQWPM6c8Fz_sfSpKY=',
          'err': 0,
        }),
        dict({
          'basename': 'Cijk_Alik_Bljk_B8F8_BH_Bias_HA_S_SAB_SAV_UserArgYZmx-6aC5NCX5U69yCq0eiQdg8QYPPbSEvfzVV0rtuI=',
          'err': 0,
        }),
        dict({
          'basename': 'Cijk_Alik_Bljk_B8F8_BH_Bias_HA_S_SAB_SAV_UserArgiGEb0Q62dVDEh4Ky5IQC3awTcD0OnD4aWvjUY_vM5d8=',
          'err': 0,
        }),
        dict({
          'basename': 'Cijk_Alik_Bljk_B8F8_BH_Bias_HA_S_SAB_SAV_UserArgj5oIwQXcC8-HS_0aWjiUv5_VtvaRpKzwQXJMKiBqc6g=',
          'err': 0,
        }),
        dict({
          'basename': 'Cijk_Alik_Bljk_B8F8_BH_Bias_HA_S_SAB_SAV_UserArgsGGcfW_mA42k1tvFHTPWyAn8OZoy3Im6jLnOXnCVQuE=',
          'err': 0,
        }),
      ]),
    }),
    dict({
      'file': 'StreamK_F8F8S.yaml',
      'kernels': list([
        dict({
          'basename': 'Cijk_Alik_Bljk_F8F8S_BH_Bias_HA_S_SAV_UserArgs_MpQAa9x2VEhW_TfjZQgthP_FkoUIsjx0x_EhnUaaQybk=',
          'err': 0,
        }),
      ]),
    }),
    dict({
      'file': 'WaveSplitK.yaml',
      'kernels': list([
        dict({
          'basename': 'Cijk_Alik_Bjlk_HHS_BH_Bias_HA_S_SAV_UserArgs_MT37g7d0lhQv1_ZB1bx_-Jh3br7-5lXUhTiabekuv1nuG8=',
          'err': 0,
        }),
      ]),
    }),
  ])
# ---
