# serializer version: 1
# name: test_r2_mac_hhs_dot2_golden
  list([
    dict({
      'basename': 'Cijk_Alik_Bljk_HHS_BH_UserArgs_MT16x32x16_SN_LDSWNC2TwCfHbcoLWfXBidXkcs9pGwqw-F-IXj4yY1akXg=',
      'err': 0,
    }),
    dict({
      'basename': 'Cijk_Alik_Bljk_HHS_BH_UserArgs_MT16x64x16_SN_LDSAPL_eEVQb23Hfz6pN3m7h6IYhO5M7oRzw2RpR2U3ECY=',
      'err': 0,
    }),
    dict({
      'basename': 'Cijk_Alik_Bljk_HHS_BH_UserArgs_MT32x32x16_SN_LDS9-a1LdwXaPT3ugBHmW6fGn0HOEjWdqeVm_ejxe2P2k4=',
      'err': 0,
    }),
    dict({
      'basename': 'Cijk_Alik_Bljk_HHS_BH_UserArgs_MT32x64x16_SN_LDSA_d-usydJNh9nTSGSNhb_6lll__QyIYLr8OanRajjMI=',
      'err': 0,
    }),
    dict({
      'basename': 'Cijk_Alik_Bljk_HHS_BH_UserArgs_MT64x32x16_SN_LDS5ZSIb0KrJbkybkPEjlnN5k9JlaRanpRNLDja5SXed_U=',
      'err': 0,
    }),
    dict({
      'basename': 'Cijk_Alik_Bljk_HHS_BH_UserArgs_MT8x64x16_SN_LDSBgypMpMGdMUY98p943vUGSQTe7MIXmeePFgwAJmgawog=',
      'err': 0,
    }),
  ])
# ---
