# serializer version: 1
# name: test_gfx942_f8n_golden
  list([
    dict({
      'basename': 'Cijk_Ailk_Bljk_F8NHS_BH_Bias_S_HA_S_SAB_SCD_SAV_7IsXN-Dk19MiutZ4Bv5I4wZpqKmgamGrqhE2f_VRBns=',
      'err': 0,
    }),
    dict({
      'basename': 'Cijk_Ailk_Bljk_F8NHS_BH_Bias_S_HA_S_SAB_SCD_SAV_NtQYF8igvq6oLft0_QS50E-5g1_ZByu_G0PoVRZEXIc=',
      'err': 0,
    }),
    dict({
      'basename': 'Cijk_Ailk_Bljk_F8NHS_BH_Bias_S_HA_S_SAB_SCD_SAV_TqM6L3hmqCDCRVxuMxailNbcwNslaRTrJt24dv34d6o=',
      'err': 0,
    }),
    dict({
      'basename': 'Cijk_Ailk_Bljk_F8NHS_BH_Bias_S_HA_S_SAB_SCD_SAV_V0hcUbzM8T3BsdmGqjfzADfCAhHgr2fu7RrGH2In2xk=',
      'err': 0,
    }),
    dict({
      'basename': 'Cijk_Ailk_Bljk_F8NHS_BH_Bias_S_HA_S_SAB_SCD_SAV_Xp3tJGivxvz58bPB5g5wShqIqV1lj9yLUTG3Jd3inAQ=',
      'err': 0,
    }),
    dict({
      'basename': 'Cijk_Ailk_Bljk_F8NHS_BH_Bias_S_HA_S_SAB_SCD_SAV_d4YHXU2zrvOHaQGT8qk2_SI9bNDKFLdikY2ydxQkhvU=',
      'err': 0,
    }),
    dict({
      'basename': 'Cijk_Ailk_Bljk_F8NHS_BH_Bias_S_HA_S_SAB_SCD_SAV_gNc-QMUCzA6l7jwZYWvmeAgNnhIp6kROk2EVrxKupak=',
      'err': 0,
    }),
    dict({
      'basename': 'Cijk_Ailk_Bljk_F8NHS_BH_Bias_S_HA_S_SAB_SCD_SAV_l4kv_8xguLSEF7pvuOVQqyjqH2fzRXY3n64WXZGU58c=',
      'err': 0,
    }),
  ])
# ---
