# serializer version: 1
# name: test_r2_subtile_gfx950_golden
  list([
    dict({
      'basename': 'Cijk_Alik_Bljk_BBS_BH_UserArgs_MT128x128x64_MI16-Bj9pmZjxwZfIWURKxweGNz9ks4uo-KBj_Bjr4Tpfnc=',
      'err': 0,
    }),
    dict({
      'basename': 'Cijk_Alik_Bljk_BBS_BH_UserArgs_MT128x128x64_MI16eWQCyx4_RNdXoF6sWL8bENo-rBtnsFbTvX6UPtIuqG0=',
      'err': 0,
    }),
    dict({
      'basename': 'Cijk_Alik_Bljk_BBS_BH_UserArgs_MT128x64x64_MI16xCXsQgV1GXY8I9sN6QUs7Dzr19K0gbUd9U38D8n4wjZE=',
      'err': 0,
    }),
    dict({
      'basename': 'Cijk_Alik_Bljk_BBS_BH_UserArgs_MT128x64x64_MI16xize1we9GbUdQaVMXB3aSCU-vohgBTYh12K_e-8_BAH0=',
      'err': 0,
    }),
    dict({
      'basename': 'Cijk_Alik_Bljk_BBS_BH_UserArgs_MT32x32x64_MI16x18Ux9gGXn6OAGKRD3r0C_esOXH2c0G_ywPrQFDN1Zzuw=',
      'err': 0,
    }),
    dict({
      'basename': 'Cijk_Alik_Bljk_BBS_BH_UserArgs_MT32x32x64_MI16x1bTZZVgfczdnPLBF5DTtErbPrY308he_709eQMB-zAwQ=',
      'err': 0,
    }),
    dict({
      'basename': 'Cijk_Alik_Bljk_BBS_BH_UserArgs_MT64x128x64_MI16xMcKwmHKAWtmJ8asfDnbYG06c2IlgrN3zxBeiiPBR2ls=',
      'err': 0,
    }),
    dict({
      'basename': 'Cijk_Alik_Bljk_BBS_BH_UserArgs_MT64x128x64_MI16xlrHd8teoFJCWPXBUdsn6LfPmGB7yVNPTxCOqp1rzQ0s=',
      'err': 0,
    }),
  ])
# ---
