# serializer version: 1
# name: test_gfx942_gg_golden
  list([
    dict({
      'basename': 'Cijk_Ailk_Bljk_HHS_BH_Bias_GG_HA_S_UserArgs_MT12QQzfxKxA8M-6Q68W4IHj29OIcNQPZTG7cn37z1JUmPc=',
      'err': 0,
    }),
    dict({
      'basename': 'Cijk_Ailk_Bljk_HHS_BH_Bias_GG_HA_S_UserArgs_MT12fNryFkfC1WqKStDr2tWrXtJZqHox13-_nIZXW84fJQ8=',
      'err': 0,
    }),
    dict({
      'basename': 'Cijk_Ailk_Bljk_HHS_BH_Bias_GG_HA_S_UserArgs_MT12nclATV1Q2PWayYTLtmWSMM76B_u1g5l-IiTxeCrJp40=',
      'err': 0,
    }),
    dict({
      'basename': 'Cijk_Ailk_Bljk_HHS_BH_Bias_GG_HA_S_UserArgs_MT12yhK1yHhy19t5Pt9TY8TtDosxm4cs9gVWdbiZE6h-ITY=',
      'err': 0,
    }),
  ])
# ---
